// Jest Snapshot v1, https://goo.gl/fbAQLP

exports[`Page Action should match snapshot 1`] = `
<div>
  <p>
    This is a popup of page action!
  </p>
</div>
`;
